../andromeda/Distribution/Andromeda.img as dks0 (2048 blocks)

============================
low-level firmware for limn2500
============================
Basic self-test...
Self-test passed.
Loading BIOS image... entry @ 0xC338
Jumping to high-level firmware!

SECTION  BASE     SIZE     END
   text  00004000 0000dde0 00011de0
   data  00011de0 00002fd0 00014db0
    bss  00014db0 000002d8 00015088

Welcome to LIMNstation
mouse-dev is phony, trying platform default

Firmware: a3x 3.5.7 by Will (build 4179 Tue Jun 22 10:41:45 2021)
Platform: LIMNstation
     CPU: limn2500
     RAM: 4096kb

[33mautoboot:[0m [94m/platform/ebus/pboard/citron/dks/0/a[0m

[33mbooting: [0m[94mandromeda ()[0m
[33mloading boot program:[94m 57344 bytes at 0x40000[0m
[33mexecuting boot program![0m

M31Loader 1.0 - loader for andromeda on LIMNstation
andromeda,HAL = HALLIMNstation.dll
pageframe db is 32768 bytes at 0xc0200000
heap is 262144 bytes at 0xc0400000
loading /Andromeda/OSKernel.exe... 
loading /Andromeda/HALLIMNstation.dll... 
entrypoint = HALLIMNstation.dll!0x80101008
loading /Andromeda/Dragonfruit.dll... 
loading /Andromeda/BootDrivers/AISA,nvram:1.sys... not found
loading /Andromeda/BootDrivers/AISA,memory:1.sys... not found
loading /Andromeda/BootDrivers/AISA,platformboard:196609.sys... not found
loading /Andromeda/BootDrivers/AISA,citron:1.sys... not found
loading /Andromeda/BootDrivers/AISA,satsuma:1.sys... not found
loading /Andromeda/BootDrivers/AISA,satsuma-disk:1.sys... not found
loading /Andromeda/BootDrivers/AISA,satsuma-disk:1.sys... not found
loading /Andromeda/BootDrivers/AISA,clock:1.sys... 
loading /Andromeda/BootDrivers/AISA,serial-port:1.sys... not found
loading /Andromeda/BootDrivers/AISA,serial-port:1.sys... not found
loading /Andromeda/BootDrivers/AISA,amanatsu:1.sys... not found
loading /Andromeda/BootDrivers/AISA,keyboard:2.sys... not found
loading /Andromeda/BootDrivers/AISA,kinnowfb:1.sys... not found
loading /Andromeda/BootDrivers/AnalogClockTest.sys... 
resource HALFont @ /Andromeda/BootResources/PC.8x8.hcf... 
boot framebuffer at 0xc0000000
citron at 0xc0180000
LSIC at 0xc0181000
interrupt stack is 16384 bytes at 0xc0186000
80103618 0001126b 000b3000
